Restore Archived Project report for AP3
Mon Apr 27 23:53:02 2026
Quartus Prime Version 17.1.0 Build 590 10/25/2017 SJ Lite Edition


---------------------
; Table of Contents ;
---------------------
  1. Legal Notice
  2. Restore Archived Project Summary
  3. Restore Archived Project Messages
  4. Files Restored
  5. Files Not Restored



----------------
; Legal Notice ;
----------------
Copyright (C) 2017  Intel Corporation. All rights reserved.
Your use of Intel Corporation's design tools, logic functions 
and other software and tools, and its AMPP partner logic 
functions, and any output files from any of the foregoing 
(including device programming or simulation files), and any 
associated documentation or information are expressly subject 
to the terms and conditions of the Intel Program License 
Subscription Agreement, the Intel Quartus Prime License Agreement,
the Intel FPGA IP License Agreement, or other applicable license
agreement, including, without limitation, that your use is for
the sole purpose of programming logic devices manufactured by
Intel and sold by Intel or its authorized distributors.  Please
refer to the applicable agreement for further details.



+-------------------------------------------------------------------------+
; Restore Archived Project Summary                                        ;
+---------------------------------+---------------------------------------+
; Restore Archived Project Status ; Successful - Mon Apr 27 23:53:02 2026 ;
; Revision Name                   ; AP3                                   ;
; Top-level Entity Name           ; multipli_segmentado                   ;
; Family                          ; Cyclone IV E                          ;
+---------------------------------+---------------------------------------+


+-----------------------------------+
; Restore Archived Project Messages ;
+-----------------------------------+
Info: Successfully restored 'C:/Users/oussa/Downloads/AP3_3.qar' into the 'C:/Users/oussa/Downloads/AP3_3_restored/' directory
Info: Generated report 'AP3.restore.rpt'
Info (23030): Evaluation of Tcl script c:/intelfpga_lite/17.1/quartus/common/tcl/apps/qpm/qar.tcl was successful
Info: Quartus Prime Shell was successful. 0 errors, 0 warnings
    Info: Peak virtual memory: 4831 megabytes
    Info: Processing ended: Mon Apr 27 23:53:02 2026
    Info: Elapsed time: 00:00:03
    Info: Total CPU time (on all processors): 00:00:03


+------------------------------+
; Files Restored               ;
+------------------------------+
; File Name                    ;
+------------------------------+
; qar_info.json                ;
; AP3.qpf                      ;
; AP3.qsf                      ;
; multipli_segmentado.sv       ;
; output_files/AP3.asm.rpt     ;
; output_files/AP3.eda.rpt     ;
; output_files/AP3.fit.rpt     ;
; output_files/AP3.fit.smsg    ;
; output_files/AP3.fit.summary ;
; output_files/AP3.flow.rpt    ;
; output_files/AP3.jdi         ;
; output_files/AP3.map.rpt     ;
; output_files/AP3.map.smsg    ;
; output_files/AP3.map.summary ;
; output_files/AP3.pin         ;
; output_files/AP3.sld         ;
; output_files/AP3.sof         ;
; output_files/AP3.sta.rpt     ;
; output_files/AP3.sta.summary ;
; tb_multipli_segmentado.sv    ;
; assignment_defaults.qdf      ;
+------------------------------+


+--------------------+
; Files Not Restored ;
+--------------------+
; File Name          ;
+--------------------+


